--------------------------------------------------------------------------------------
Timing Analyzer Summary
--------------------------------------------------------------------------------------

Type           : Worst-case tsu
Slack          : N/A
Required Time  : None
Actual Time    : 2.131 ns
From           : reset
To             : canal_tx:comp2|p_emetteur:U4|pr
From Clock     : --
To Clock       : clk
Failed Paths   : 0

Type           : Worst-case tco
Slack          : N/A
Required Time  : None
Actual Time    : 13.082 ns
From           : data_16[7]
To             : recu
From Clock     : clk
To Clock       : --
Failed Paths   : 0

Type           : Worst-case th
Slack          : N/A
Required Time  : None
Actual Time    : -1.087 ns
From           : reset
To             : canal_tx:comp2|RegOut:U6|eof
From Clock     : --
To Clock       : clk
Failed Paths   : 0

Type           : Clock Setup: 'clk'
Slack          : N/A
Required Time  : None
Actual Time    : 122.28 MHz ( period = 8.178 ns )
From           : canal_tx:comp2|sequenceur:U12|etat.m2
To             : canal_tx:comp2|RegOut:U6|altshift_taps:Container_rtl_0|shift_taps_e4n:auto_generated|cntr_jah:cntr3|pre_hazard[0]
From Clock     : clk
To Clock       : clk
Failed Paths   : 0

Type           : Total number of failed paths
Slack          : 
Required Time  : 
Actual Time    : 
From           : 
To             : 
From Clock     : 
To Clock       : 
Failed Paths   : 0

--------------------------------------------------------------------------------------

